Archive member included to satisfy reference by file (symbol)

E:/STM32CubeIDE_1.18.1/STM32CubeIDE/plugins/com.st.stm32cube.ide.mcu.externaltools.gnu-tools-for-stm32.13.3.rel1.win32_1.0.0.202411081344/tools/bin/../lib/gcc/arm-none-eabi/13.3.1/../../../../arm-none-eabi/lib/thumb/v7e-m+fp/hard\libc_nano.a(libc_a-exit.o)
                              E:/STM32CubeIDE_1.18.1/STM32CubeIDE/plugins/com.st.stm32cube.ide.mcu.externaltools.gnu-tools-for-stm32.13.3.rel1.win32_1.0.0.202411081344/tools/bin/../lib/gcc/arm-none-eabi/13.3.1/../../../../arm-none-eabi/lib/thumb/v7e-m+fp/hard/crt0.o (exit)
E:/STM32CubeIDE_1.18.1/STM32CubeIDE/plugins/com.st.stm32cube.ide.mcu.externaltools.gnu-tools-for-stm32.13.3.rel1.win32_1.0.0.202411081344/tools/bin/../lib/gcc/arm-none-eabi/13.3.1/../../../../arm-none-eabi/lib/thumb/v7e-m+fp/hard\libc_nano.a(libc_a-findfp.o)
                              E:/STM32CubeIDE_1.18.1/STM32CubeIDE/plugins/com.st.stm32cube.ide.mcu.externaltools.gnu-tools-for-stm32.13.3.rel1.win32_1.0.0.202411081344/tools/bin/../lib/gcc/arm-none-eabi/13.3.1/../../../../arm-none-eabi/lib/thumb/v7e-m+fp/hard\libc_nano.a(libc_a-exit.o) (__stdio_exit_handler)
E:/STM32CubeIDE_1.18.1/STM32CubeIDE/plugins/com.st.stm32cube.ide.mcu.externaltools.gnu-tools-for-stm32.13.3.rel1.win32_1.0.0.202411081344/tools/bin/../lib/gcc/arm-none-eabi/13.3.1/../../../../arm-none-eabi/lib/thumb/v7e-m+fp/hard\libc_nano.a(libc_a-fwalk.o)
                              E:/STM32CubeIDE_1.18.1/STM32CubeIDE/plugins/com.st.stm32cube.ide.mcu.externaltools.gnu-tools-for-stm32.13.3.rel1.win32_1.0.0.202411081344/tools/bin/../lib/gcc/arm-none-eabi/13.3.1/../../../../arm-none-eabi/lib/thumb/v7e-m+fp/hard\libc_nano.a(libc_a-findfp.o) (_fwalk_sglue)
E:/STM32CubeIDE_1.18.1/STM32CubeIDE/plugins/com.st.stm32cube.ide.mcu.externaltools.gnu-tools-for-stm32.13.3.rel1.win32_1.0.0.202411081344/tools/bin/../lib/gcc/arm-none-eabi/13.3.1/../../../../arm-none-eabi/lib/thumb/v7e-m+fp/hard\libc_nano.a(libc_a-stdio.o)
                              E:/STM32CubeIDE_1.18.1/STM32CubeIDE/plugins/com.st.stm32cube.ide.mcu.externaltools.gnu-tools-for-stm32.13.3.rel1.win32_1.0.0.202411081344/tools/bin/../lib/gcc/arm-none-eabi/13.3.1/../../../../arm-none-eabi/lib/thumb/v7e-m+fp/hard\libc_nano.a(libc_a-findfp.o) (__sread)
E:/STM32CubeIDE_1.18.1/STM32CubeIDE/plugins/com.st.stm32cube.ide.mcu.externaltools.gnu-tools-for-stm32.13.3.rel1.win32_1.0.0.202411081344/tools/bin/../lib/gcc/arm-none-eabi/13.3.1/../../../../arm-none-eabi/lib/thumb/v7e-m+fp/hard\libc_nano.a(libc_a-memset.o)
                              E:/STM32CubeIDE_1.18.1/STM32CubeIDE/plugins/com.st.stm32cube.ide.mcu.externaltools.gnu-tools-for-stm32.13.3.rel1.win32_1.0.0.202411081344/tools/bin/../lib/gcc/arm-none-eabi/13.3.1/../../../../arm-none-eabi/lib/thumb/v7e-m+fp/hard/crt0.o (memset)
E:/STM32CubeIDE_1.18.1/STM32CubeIDE/plugins/com.st.stm32cube.ide.mcu.externaltools.gnu-tools-for-stm32.13.3.rel1.win32_1.0.0.202411081344/tools/bin/../lib/gcc/arm-none-eabi/13.3.1/../../../../arm-none-eabi/lib/thumb/v7e-m+fp/hard\libc_nano.a(libc_a-closer.o)
                              E:/STM32CubeIDE_1.18.1/STM32CubeIDE/plugins/com.st.stm32cube.ide.mcu.externaltools.gnu-tools-for-stm32.13.3.rel1.win32_1.0.0.202411081344/tools/bin/../lib/gcc/arm-none-eabi/13.3.1/../../../../arm-none-eabi/lib/thumb/v7e-m+fp/hard\libc_nano.a(libc_a-stdio.o) (_close_r)
E:/STM32CubeIDE_1.18.1/STM32CubeIDE/plugins/com.st.stm32cube.ide.mcu.externaltools.gnu-tools-for-stm32.13.3.rel1.win32_1.0.0.202411081344/tools/bin/../lib/gcc/arm-none-eabi/13.3.1/../../../../arm-none-eabi/lib/thumb/v7e-m+fp/hard\libc_nano.a(libc_a-reent.o)
                              E:/STM32CubeIDE_1.18.1/STM32CubeIDE/plugins/com.st.stm32cube.ide.mcu.externaltools.gnu-tools-for-stm32.13.3.rel1.win32_1.0.0.202411081344/tools/bin/../lib/gcc/arm-none-eabi/13.3.1/../../../../arm-none-eabi/lib/thumb/v7e-m+fp/hard\libc_nano.a(libc_a-closer.o) (errno)
E:/STM32CubeIDE_1.18.1/STM32CubeIDE/plugins/com.st.stm32cube.ide.mcu.externaltools.gnu-tools-for-stm32.13.3.rel1.win32_1.0.0.202411081344/tools/bin/../lib/gcc/arm-none-eabi/13.3.1/../../../../arm-none-eabi/lib/thumb/v7e-m+fp/hard\libc_nano.a(libc_a-impure.o)
                              E:/STM32CubeIDE_1.18.1/STM32CubeIDE/plugins/com.st.stm32cube.ide.mcu.externaltools.gnu-tools-for-stm32.13.3.rel1.win32_1.0.0.202411081344/tools/bin/../lib/gcc/arm-none-eabi/13.3.1/../../../../arm-none-eabi/lib/thumb/v7e-m+fp/hard\libc_nano.a(libc_a-reent.o) (_impure_ptr)
E:/STM32CubeIDE_1.18.1/STM32CubeIDE/plugins/com.st.stm32cube.ide.mcu.externaltools.gnu-tools-for-stm32.13.3.rel1.win32_1.0.0.202411081344/tools/bin/../lib/gcc/arm-none-eabi/13.3.1/../../../../arm-none-eabi/lib/thumb/v7e-m+fp/hard\libc_nano.a(libc_a-lseekr.o)
[...]
Memory Configuration

Name             Origin             Length             Attributes
RAM              0x20000000         0x00018000         xrw
FLASH            0x08000000         0x00080000         xr
*default*        0x00000000         0xffffffff

Linker script and memory map

LOAD E:/STM32CubeIDE_1.18.1/STM32CubeIDE/plugins/com.st.stm32cube.ide.mcu.externaltools.gnu-tools-for-stm32.13.3.rel1.win32_1.0.0.202411081344/tools/bin/../lib/gcc/arm-none-eabi/13.3.1/thumb/v7e-m+fp/hard/crti.o
LOAD E:/STM32CubeIDE_1.18.1/STM32CubeIDE/plugins/com.st.stm32cube.ide.mcu.externaltools.gnu-tools-for-stm32.13.3.rel1.win32_1.0.0.202411081344/tools/bin/../lib/gcc/arm-none-eabi/13.3.1/thumb/v7e-m+fp/hard/crtbegin.o
LOAD E:/STM32CubeIDE_1.18.1/STM32CubeIDE/plugins/com.st.stm32cube.ide.mcu.externaltools.gnu-tools-for-stm32.13.3.rel1.win32_1.0.0.202411081344/tools/bin/../lib/gcc/arm-none-eabi/13.3.1/../../../../arm-none-eabi/lib/thumb/v7e-m+fp/hard/crt0.o
LOAD ./Src/005spi_tx_testing.o
LOAD ./Src/syscalls.o
LOAD ./Src/sysmem.o
LOAD ./Startup/startup_stm32f401retx.o
LOAD ./drivers/Src/stm32f401xx_gpio_driver.o
LOAD ./drivers/Src/stm32f4xx_spi_driver.o
START GROUP
LOAD E:/STM32CubeIDE_1.18.1/STM32CubeIDE/plugins/com.st.stm32cube.ide.mcu.externaltools.gnu-tools-for-stm32.13.3.rel1.win32_1.0.0.202411081344/tools/bin/../lib/gcc/arm-none-eabi/13.3.1/../../../../arm-none-eabi/lib/thumb/v7e-m+fp/hard\libc_nano.a
LOAD E:/STM32CubeIDE_1.18.1/STM32CubeIDE/plugins/com.st.stm32cube.ide.mcu.externaltools.gnu-tools-for-stm32.13.3.rel1.win32_1.0.0.202411081344/tools/bin/../lib/gcc/arm-none-eabi/13.3.1/../../../../arm-none-eabi/lib/thumb/v7e-m+fp/hard\libm.a
END GROUP
START GROUP
LOAD E:/STM32CubeIDE_1.18.1/STM32CubeIDE/plugins/com.st.stm32cube.ide.mcu.externaltools.gnu-tools-for-stm32.13.3.rel1.win32_1.0.0.202411081344/tools/bin/../lib/gcc/arm-none-eabi/13.3.1/thumb/v7e-m+fp/hard\libgcc.a
LOAD E:/STM32CubeIDE_1.18.1/STM32CubeIDE/plugins/com.st.stm32cube.ide.mcu.externaltools.gnu-tools-for-stm32.13.3.rel1.win32_1.0.0.202411081344/tools/bin/../lib/gcc/arm-none-eabi/13.3.1/../../../../arm-none-eabi/lib/thumb/v7e-m+fp/hard\libc_nano.a
END GROUP
START GROUP
LOAD E:/STM32CubeIDE_1.18.1/STM32CubeIDE/plugins/com.st.stm32cube.ide.mcu.externaltools.gnu-tools-for-stm32.13.3.rel1.win32_1.0.0.202411081344/tools/bin/../lib/gcc/arm-none-eabi/13.3.1/thumb/v7e-m+fp/hard\libgcc.a
LOAD E:/STM32CubeIDE_1.18.1/STM32CubeIDE/plugins/com.st.stm32cube.ide.mcu.externaltools.gnu-tools-for-stm32.13.3.rel1.win32_1.0.0.202411081344/tools/bin/../lib/gcc/arm-none-eabi/13.3.1/../../../../arm-none-eabi/lib/thumb/v7e-m+fp/hard\libc_nano.a
LOAD E:/STM32CubeIDE_1.18.1/STM32CubeIDE/plugins/com.st.stm32cube.ide.mcu.externaltools.gnu-tools-for-stm32.13.3.rel1.win32_1.0.0.202411081344/tools/bin/../lib/gcc/arm-none-eabi/13.3.1/../../../../arm-none-eabi/lib/thumb/v7e-m+fp/hard\libnosys.a
END GROUP
START GROUP
LOAD E:/STM32CubeIDE_1.18.1/STM32CubeIDE/plugins/com.st.stm32cube.ide.mcu.externaltools.gnu-tools-for-stm32.13.3.rel1.win32_1.0.0.202411081344/tools/bin/../lib/gcc/arm-none-eabi/13.3.1/thumb/v7e-m+fp/hard\libgcc.a
LOAD E:/STM32CubeIDE_1.18.1/STM32CubeIDE/plugins/com.st.stm32cube.ide.mcu.externaltools.gnu-tools-for-stm32.13.3.rel1.win32_1.0.0.202411081344/tools/bin/../lib/gcc/arm-none-eabi/13.3.1/../../../../arm-none-eabi/lib/thumb/v7e-m+fp/hard\libc_nano.a
LOAD E:/STM32CubeIDE_1.18.1/STM32CubeIDE/plugins/com.st.stm32cube.ide.mcu.externaltools.gnu-tools-for-stm32.13.3.rel1.win32_1.0.0.202411081344/tools/bin/../lib/gcc/arm-none-eabi/13.3.1/../../../../arm-none-eabi/lib/thumb/v7e-m+fp/hard\libnosys.a
END GROUP
LOAD E:/STM32CubeIDE_1.18.1/STM32CubeIDE/plugins/com.st.stm32cube.ide.mcu.externaltools.gnu-tools-for-stm32.13.3.rel1.win32_1.0.0.202411081344/tools/bin/../lib/gcc/arm-none-eabi/13.3.1/thumb/v7e-m+fp/hard/crtend.o
LOAD E:/STM32CubeIDE_1.18.1/STM32CubeIDE/plugins/com.st.stm32cube.ide.mcu.externaltools.gnu-tools-for-stm32.13.3.rel1.win32_1.0.0.202411081344/tools/bin/../lib/gcc/arm-none-eabi/13.3.1/thumb/v7e-m+fp/hard/crtn.o
                0x20018000                        _estack = (ORIGIN (RAM) + LENGTH (RAM))
                0x00000200                        _Min_Heap_Size = 0x200
                0x00000400                        _Min_Stack_Size = 0x400

.isr_vector     0x08000000      0x194
                0x08000000                        . = ALIGN (0x4)
 *(.isr_vector)
 .isr_vector    0x08000000      0x194 ./Startup/startup_stm32f401retx.o
                0x08000000                g_pfnVectors
                0x08000194                        . = ALIGN (0x4)

.text           0x08000194      0x8c4
                0x08000194                        . = ALIGN (0x4)
 *(.text)
 .text          0x08000194       0x40 E:/STM32CubeIDE_1.18.1/STM32CubeIDE/plugins/com.st.stm32cube.ide.mcu.externaltools.gnu-tools-for-stm32.13.3.rel1.win32_1.0.0.202411081344/tools/bin/../lib/gcc/arm-none-eabi/13.3.1/thumb/v7e-m+fp/hard/crtbegin.o
 .text          0x080001d4       0x10 E:/STM32CubeIDE_1.18.1/STM32CubeIDE/plugins/com.st.stm32cube.ide.mcu.externaltools.gnu-tools-for-stm32.13.3.rel1.win32_1.0.0.202411081344/tools/bin/../lib/gcc/arm-none-eabi/13.3.1/../../../../arm-none-eabi/lib/thumb/v7e-m+fp/hard\libc_nano.a(libc_a-strlen.o)
                0x080001d4                strlen
 *(.text*)
 .text.SPI2_GPIO_Init
                0x080001e4       0x4c ./Src/005spi_tx_testing.o
                0x080001e4                SPI2_GPIO_Init
 .text.SPI2_Init
                0x08000230       0x3c ./Src/005spi_tx_testing.o
                0x08000230                SPI2_Init
 .text.main     0x0800026c       0x48 ./Src/005spi_tx_testing.o
                0x0800026c                main
 .text.Reset_Handler
                0x080002b4       0x50 ./Startup/startup_stm32f401retx.o
                0x080002b4                Reset_Handler
 .text.Default_Handler
                0x08000304        0x2 ./Startup/startup_stm32f401retx.o
                0x08000304                EXTI2_IRQHandler
                0x08000304                DebugMon_Handler
                0x08000304                SPI4_IRQHandler
                0x08000304                TIM1_CC_IRQHandler
                0x08000304                DMA2_Stream5_IRQHandler
                0x08000304                HardFault_Handler
                0x08000304                DMA1_Stream5_IRQHandler
                0x08000304                SysTick_Handler
                0x08000304                SDIO_IRQHandler
                0x08000304                TAMP_STAMP_IRQHandler
                0x08000304                PendSV_Handler
                0x08000304                NMI_Handler
                0x08000304                EXTI3_IRQHandler
                0x08000304                TIM1_UP_TIM10_IRQHandler
                0x08000304                I2C3_ER_IRQHandler
                0x08000304                EXTI18_OTG_FS_WKUP_IRQHandler
                0x08000304                EXTI0_IRQHandler
                0x08000304                I2C2_EV_IRQHandler
                0x08000304                DMA1_Stream2_IRQHandler
                0x08000304                UsageFault_Handler
                0x08000304                DMA2_Stream2_IRQHandler
                0x08000304                SPI1_IRQHandler
                0x08000304                TIM1_BRK_TIM9_IRQHandler
                0x08000304                DMA2_Stream3_IRQHandler
                0x08000304                USART6_IRQHandler
                0x08000304                DMA2_Stream0_IRQHandler
                0x08000304                TIM4_IRQHandler
                0x08000304                I2C1_EV_IRQHandler
                0x08000304                DMA1_Stream6_IRQHandler
                0x08000304                DMA1_Stream1_IRQHandler
                0x08000304                TIM3_IRQHandler
                0x08000304                RCC_IRQHandler
                0x08000304                Default_Handler
                0x08000304                EXTI15_10_IRQHandler
                0x08000304                ADC_IRQHandler
                0x08000304                DMA1_Stream7_IRQHandler
                0x08000304                TIM5_IRQHandler
                0x08000304                DMA2_Stream7_IRQHandler
                0x08000304                I2C3_EV_IRQHandler
                0x08000304                EXTI9_5_IRQHandler
                0x08000304                SPI2_IRQHandler
                0x08000304                MemManage_Handler
                0x08000304                DMA1_Stream0_IRQHandler
                0x08000304                SVC_Handler
                0x08000304                EXTI4_IRQHandler
                0x08000304                EXTI22_RTC_WKUP_IRQHandler
                0x08000304                TIM2_IRQHandler
                0x08000304                EXTI16_PVD_IRQHandler
                0x08000304                TIM1_TRG_COM_TIM11_IRQHandler
                0x08000304                EXTI1_IRQHandler
                0x08000304                EXTI17_RTC_Alarm_IRQHandler
                0x08000304                USART2_IRQHandler
                0x08000304                I2C2_ER_IRQHandler
                0x08000304                DMA2_Stream1_IRQHandler
                0x08000304                FLASH_IRQHandler
                0x08000304                DMA2_Stream4_IRQHandler
                0x08000304                BusFault_Handler
                0x08000304                USART1_IRQHandler
                0x08000304                OTG_FS_IRQHandler
                0x08000304                SPI3_IRQHandler
                0x08000304                DMA1_Stream4_IRQHandler
                0x08000304                I2C1_ER_IRQHandler
                0x08000304                DMA2_Stream6_IRQHandler
                0x08000304                DMA1_Stream3_IRQHandler
 *fill*         0x08000306        0x2 
 .text.GPIO_PeriClockControl
                0x08000308      0x140 ./drivers/Src/stm32f401xx_gpio_driver.o
                0x08000308                GPIO_PeriClockControl
 .text.GPIO_Init
                0x08000448      0x31c ./drivers/Src/stm32f401xx_gpio_driver.o
                0x08000448                GPIO_Init
 .text.SPI_PeriClockControl
                0x08000764       0xe0 ./drivers/Src/stm32f4xx_spi_driver.o
                0x08000764                SPI_PeriClockControl
 .text.SPI_Init
                0x08000844       0xac ./drivers/Src/stm32f4xx_spi_driver.o
                0x08000844                SPI_Init
 .text.SPI_PeripheralControl
                0x080008f0       0x38 ./drivers/Src/stm32f4xx_spi_driver.o
                0x080008f0                SPI_PeripheralControl
 .text.SPI_GetFlagStatus
                0x08000928       0x2e ./drivers/Src/stm32f4xx_spi_driver.o
                0x08000928                SPI_GetFlagStatus
 .text.SPI_SSIConfig
                0x08000956       0x38 ./drivers/Src/stm32f4xx_spi_driver.o
                0x08000956                SPI_SSIConfig
 .text.SPI_SendData
                0x0800098e       0x68 ./drivers/Src/stm32f4xx_spi_driver.o
                0x0800098e                SPI_SendData
 *fill*         0x080009f6        0x2 
 .text.__libc_init_array
                0x080009f8       0x48 E:/STM32CubeIDE_1.18.1/STM32CubeIDE/plugins/com.st.stm32cube.ide.mcu.externaltools.gnu-tools-for-stm32.13.3.rel1.win32_1.0.0.202411081344/tools/bin/../lib/gcc/arm-none-eabi/13.3.1/../../../../arm-none-eabi/lib/thumb/v7e-m+fp/hard\libc_nano.a(libc_a-init.o)
                0x080009f8                __libc_init_array
 *(.glue_7)
 .glue_7        0x08000a40        0x0 linker stubs
 *(.glue_7t)
 .glue_7t       0x08000a40        0x0 linker stubs
 *(.eh_frame)
 .eh_frame      0x08000a40        0x0 E:/STM32CubeIDE_1.18.1/STM32CubeIDE/plugins/com.st.stm32cube.ide.mcu.externaltools.gnu-tools-for-stm32.13.3.rel1.win32_1.0.0.202411081344/tools/bin/../lib/gcc/arm-none-eabi/13.3.1/thumb/v7e-m+fp/hard/crtbegin.o
 *(.init)
 .init          0x08000a40        0x4 E:/STM32CubeIDE_1.18.1/STM32CubeIDE/plugins/com.st.stm32cube.ide.mcu.externaltools.gnu-tools-for-stm32.13.3.rel1.win32_1.0.0.202411081344/tools/bin/../lib/gcc/arm-none-eabi/13.3.1/thumb/v7e-m+fp/hard/crti.o
                0x08000a40                _init
 .init          0x08000a44        0x8 E:/STM32CubeIDE_1.18.1/STM32CubeIDE/plugins/com.st.stm32cube.ide.mcu.externaltools.gnu-tools-for-stm32.13.3.rel1.win32_1.0.0.202411081344/tools/bin/../lib/gcc/arm-none-eabi/13.3.1/thumb/v7e-m+fp/hard/crtn.o
 *(.fini)
 .fini          0x08000a4c        0x4 E:/STM32CubeIDE_1.18.1/STM32CubeIDE/plugins/com.st.stm32cube.ide.mcu.externaltools.gnu-tools-for-stm32.13.3.rel1.win32_1.0.0.202411081344/tools/bin/../lib/gcc/arm-none-eabi/13.3.1/thumb/v7e-m+fp/hard/crti.o
                0x08000a4c                _fini
 .fini          0x08000a50        0x8 E:/STM32CubeIDE_1.18.1/STM32CubeIDE/plugins/com.st.stm32cube.ide.mcu.externaltools.gnu-tools-for-stm32.13.3.rel1.win32_1.0.0.202411081344/tools/bin/../lib/gcc/arm-none-eabi/13.3.1/thumb/v7e-m+fp/hard/crtn.o
                0x08000a58                        . = ALIGN (0x4)
                0x08000a58                        _etext = .

.vfp11_veneer   0x08000a58        0x0
 .vfp11_veneer  0x08000a58        0x0 linker stubs

.v4_bx          0x08000a58        0x0
 .v4_bx         0x08000a58        0x0 linker stubs

.iplt           0x08000a58        0x0
 .iplt          0x08000a58        0x0 E:/STM32CubeIDE_1.18.1/STM32CubeIDE/plugins/com.st.stm32cube.ide.mcu.externaltools.gnu-tools-for-stm32.13.3.rel1.win32_1.0.0.202411081344/tools/bin/../lib/gcc/arm-none-eabi/13.3.1/thumb/v7e-m+fp/hard/crtbegin.o

.rodata         0x08000a58        0xc
                0x08000a58                        . = ALIGN (0x4)
 *(.rodata)
 .rodata        0x08000a58        0xc ./Src/005spi_tx_testing.o
 *(.rodata*)
                0x08000a64                        . = ALIGN (0x4)

.ARM.extab      0x08000a64        0x0
                0x08000a64                        . = ALIGN (0x4)
 *(.ARM.extab* .gnu.linkonce.armextab.*)
                0x08000a64                        . = ALIGN (0x4)

.ARM            0x08000a64        0x8
                0x08000a64                        . = ALIGN (0x4)
                0x08000a64                        __exidx_start = .
 *(.ARM.exidx*)
 .ARM.exidx     0x08000a64        0x8 E:/STM32CubeIDE_1.18.1/STM32CubeIDE/plugins/com.st.stm32cube.ide.mcu.externaltools.gnu-tools-for-stm32.13.3.rel1.win32_1.0.0.202411081344/tools/bin/../lib/gcc/arm-none-eabi/13.3.1/../../../../arm-none-eabi/lib/thumb/v7e-m+fp/hard\libc_nano.a(libc_a-strlen.o)
                0x08000a6c                        __exidx_end = .
                0x08000a6c                        . = ALIGN (0x4)

.preinit_array  0x08000a6c        0x0
                0x08000a6c                        . = ALIGN (0x4)
                0x08000a6c                        PROVIDE (__preinit_array_start = .)
 *(.preinit_array*)
                0x08000a6c                        PROVIDE (__preinit_array_end = .)
                0x08000a6c                        . = ALIGN (0x4)

.init_array     0x08000a6c        0x4
                0x08000a6c                        . = ALIGN (0x4)
                0x08000a6c                        PROVIDE (__init_array_start = .)
 *(SORT_BY_NAME(.init_array.*))
 *(.init_array*)
 .init_array    0x08000a6c        0x4 E:/STM32CubeIDE_1.18.1/STM32CubeIDE/plugins/com.st.stm32cube.ide.mcu.externaltools.gnu-tools-for-stm32.13.3.rel1.win32_1.0.0.202411081344/tools/bin/../lib/gcc/arm-none-eabi/13.3.1/thumb/v7e-m+fp/hard/crtbegin.o
                0x08000a70                        PROVIDE (__init_array_end = .)
                0x08000a70                        . = ALIGN (0x4)

.fini_array     0x08000a70        0x4
                0x08000a70                        . = ALIGN (0x4)
                [!provide]                        PROVIDE (__fini_array_start = .)
 *(SORT_BY_NAME(.fini_array.*))
 *(.fini_array*)
 .fini_array    0x08000a70        0x4 E:/STM32CubeIDE_1.18.1/STM32CubeIDE/plugins/com.st.stm32cube.ide.mcu.externaltools.gnu-tools-for-stm32.13.3.rel1.win32_1.0.0.202411081344/tools/bin/../lib/gcc/arm-none-eabi/13.3.1/thumb/v7e-m+fp/hard/crtbegin.o
                [!provide]                        PROVIDE (__fini_array_end = .)
                0x08000a74                        . = ALIGN (0x4)
                0x08000a74                        _sidata = LOADADDR (.data)

.rel.dyn        0x08000a74        0x0
 .rel.iplt      0x08000a74        0x0 E:/STM32CubeIDE_1.18.1/STM32CubeIDE/plugins/com.st.stm32cube.ide.mcu.externaltools.gnu-tools-for-stm32.13.3.rel1.win32_1.0.0.202411081344/tools/bin/../lib/gcc/arm-none-eabi/13.3.1/thumb/v7e-m+fp/hard/crtbegin.o

.data           0x20000000        0x0 load address 0x08000a74
                0x20000000                        . = ALIGN (0x4)
                0x20000000                        _sdata = .
 *(.data)
 *(.data*)
 *(.RamFunc)
 *(.RamFunc*)
                0x20000000                        . = ALIGN (0x4)
                0x20000000                        _edata = .

.igot.plt       0x20000000        0x0 load address 0x08000a74
 .igot.plt      0x20000000        0x0 E:/STM32CubeIDE_1.18.1/STM32CubeIDE/plugins/com.st.stm32cube.ide.mcu.externaltools.gnu-tools-for-stm32.13.3.rel1.win32_1.0.0.202411081344/tools/bin/../lib/gcc/arm-none-eabi/13.3.1/thumb/v7e-m+fp/hard/crtbegin.o
                0x20000000                        . = ALIGN (0x4)

.bss            0x20000000       0x1c load address 0x08000a74
                0x20000000                        _sbss = .
                0x20000000                        __bss_start__ = _sbss
 *(.bss)
 .bss           0x20000000       0x1c E:/STM32CubeIDE_1.18.1/STM32CubeIDE/plugins/com.st.stm32cube.ide.mcu.externaltools.gnu-tools-for-stm32.13.3.rel1.win32_1.0.0.202411081344/tools/bin/../lib/gcc/arm-none-eabi/13.3.1/thumb/v7e-m+fp/hard/crtbegin.o
 *(.bss*)
 *(COMMON)
                0x2000001c                        . = ALIGN (0x4)
                0x2000001c                        _ebss = .
                0x2000001c                        __bss_end__ = _ebss

._user_heap_stack
                0x2000001c      0x604 load address 0x08000a74
                0x20000020                        . = ALIGN (0x8)
 *fill*         0x2000001c        0x4 
                [!provide]                        PROVIDE (end = .)
                0x20000020                        PROVIDE (_end = .)
                0x20000220                        . = (. + _Min_Heap_Size)
 *fill*         0x20000020      0x200 
                0x20000620                        . = (. + _Min_Stack_Size)
 *fill*         0x20000220      0x400 
                0x20000620                        . = ALIGN (0x8)

/DISCARD/
 libc.a(*)
 libm.a(*)
 libgcc.a(*)

.ARM.attributes
                0x00000000       0x30
 *(.ARM.attributes)
 .ARM.attributes
                0x00000000       0x22 E:/STM32CubeIDE_1.18.1/STM32CubeIDE/plugins/com.st.stm32cube.ide.mcu.externaltools.gnu-tools-for-stm32.13.3.rel1.win32_1.0.0.202411081344/tools/bin/../lib/gcc/arm-none-eabi/13.3.1/thumb/v7e-m+fp/hard/crti.o
 .ARM.attributes
                0x00000022       0x34 E:/STM32CubeIDE_1.18.1/STM32CubeIDE/plugins/com.st.stm32cube.ide.mcu.externaltools.gnu-tools-for-stm32.13.3.rel1.win32_1.0.0.202411081344/tools/bin/../lib/gcc/arm-none-eabi/13.3.1/thumb/v7e-m+fp/hard/crtbegin.o
 .ARM.attributes
                0x00000056       0x34 ./Src/005spi_tx_testing.o
 .ARM.attributes
                0x0000008a       0x21 ./Startup/startup_stm32f401retx.o
 .ARM.attributes
                0x000000ab       0x34 ./drivers/Src/stm32f401xx_gpio_driver.o
 .ARM.attributes
                0x000000df       0x34 ./drivers/Src/stm32f4xx_spi_driver.o
 .ARM.attributes
                0x00000113       0x34 E:/STM32CubeIDE_1.18.1/STM32CubeIDE/plugins/com.st.stm32cube.ide.mcu.externaltools.gnu-tools-for-stm32.13.3.rel1.win32_1.0.0.202411081344/tools/bin/../lib/gcc/arm-none-eabi/13.3.1/../../../../arm-none-eabi/lib/thumb/v7e-m+fp/hard\libc_nano.a(libc_a-init.o)
 .ARM.attributes
                0x00000147       0x17 E:/STM32CubeIDE_1.18.1/STM32CubeIDE/plugins/com.st.stm32cube.ide.mcu.externaltools.gnu-tools-for-stm32.13.3.rel1.win32_1.0.0.202411081344/tools/bin/../lib/gcc/arm-none-eabi/13.3.1/../../../../arm-none-eabi/lib/thumb/v7e-m+fp/hard\libc_nano.a(libc_a-strlen.o)
 .ARM.attributes
                0x0000015e       0x22 E:/STM32CubeIDE_1.18.1/STM32CubeIDE/plugins/com.st.stm32cube.ide.mcu.externaltools.gnu-tools-for-stm32.13.3.rel1.win32_1.0.0.202411081344/tools/bin/../lib/gcc/arm-none-eabi/13.3.1/thumb/v7e-m+fp/hard/crtn.o
OUTPUT(stm32f4xx_drivers.elf elf32-littlearm)
LOAD linker stubs
LOAD E:/STM32CubeIDE_1.18.1/STM32CubeIDE/plugins/com.st.stm32cube.ide.mcu.externaltools.gnu-tools-for-stm32.13.3.rel1.win32_1.0.0.202411081344/tools/bin/../lib/gcc/arm-none-eabi/13.3.1/../../../../arm-none-eabi/lib/thumb/v7e-m+fp/hard\libc.a
LOAD E:/STM32CubeIDE_1.18.1/STM32CubeIDE/plugins/com.st.stm32cube.ide.mcu.externaltools.gnu-tools-for-stm32.13.3.rel1.win32_1.0.0.202411081344/tools/bin/../lib/gcc/arm-none-eabi/13.3.1/../../../../arm-none-eabi/lib/thumb/v7e-m+fp/hard\libm.a
LOAD E:/STM32CubeIDE_1.18.1/STM32CubeIDE/plugins/com.st.stm32cube.ide.mcu.externaltools.gnu-tools-for-stm32.13.3.rel1.win32_1.0.0.202411081344/tools/bin/../lib/gcc/arm-none-eabi/13.3.1/thumb/v7e-m+fp/hard\libgcc.a

.debug_info     0x00000000     0x10f7
 .debug_info    0x00000000      0x42b ./Src/005spi_tx_testing.o
 .debug_info    0x0000042b       0x30 ./Startup/startup_stm32f401retx.o
 .debug_info    0x0000045b      0x6f9 ./drivers/Src/stm32f401xx_gpio_driver.o
 .debug_info    0x00000b54      0x5a3 ./drivers/Src/stm32f4xx_spi_driver.o

.debug_abbrev   0x00000000      0x406
 .debug_abbrev  0x00000000      0x130 ./Src/005spi_tx_testing.o
 .debug_abbrev  0x00000130       0x24 ./Startup/startup_stm32f401retx.o
 .debug_abbrev  0x00000154      0x17b ./drivers/Src/stm32f401xx_gpio_driver.o
 .debug_abbrev  0x000002cf      0x137 ./drivers/Src/stm32f4xx_spi_driver.o

.debug_aranges  0x00000000      0x138
 .debug_aranges
                0x00000000       0x30 ./Src/005spi_tx_testing.o
 .debug_aranges
                0x00000030       0x28 ./Startup/startup_stm32f401retx.o
 .debug_aranges
                0x00000058       0x70 ./drivers/Src/stm32f401xx_gpio_driver.o
 .debug_aranges
                0x000000c8       0x70 ./drivers/Src/stm32f4xx_spi_driver.o

.debug_rnglists
                0x00000000       0xdd
 .debug_rnglists
                0x00000000       0x1f ./Src/005spi_tx_testing.o
 .debug_rnglists
                0x0000001f       0x19 ./Startup/startup_stm32f401retx.o
 .debug_rnglists
                0x00000038       0x53 ./drivers/Src/stm32f401xx_gpio_driver.o
 .debug_rnglists
                0x0000008b       0x52 ./drivers/Src/stm32f4xx_spi_driver.o

.debug_macro    0x00000000     0x249d
 .debug_macro   0x00000000      0x15d ./Src/005spi_tx_testing.o
 .debug_macro   0x0000015d      0xade ./Src/005spi_tx_testing.o
 .debug_macro   0x00000c3b       0x22 ./Src/005spi_tx_testing.o
 .debug_macro   0x00000c5d       0x8e ./Src/005spi_tx_testing.o
 .debug_macro   0x00000ceb       0x51 ./Src/005spi_tx_testing.o
 .debug_macro   0x00000d3c      0x103 ./Src/005spi_tx_testing.o
 .debug_macro   0x00000e3f       0x6a ./Src/005spi_tx_testing.o
 .debug_macro   0x00000ea9      0x1df ./Src/005spi_tx_testing.o
 .debug_macro   0x00001088      0x3bd ./Src/005spi_tx_testing.o
 .debug_macro   0x00001445       0xc4 ./Src/005spi_tx_testing.o
 .debug_macro   0x00001509       0x8e ./Src/005spi_tx_testing.o
 .debug_macro   0x00001597       0x61 ./Src/005spi_tx_testing.o
 .debug_macro   0x000015f8       0x2a ./Src/005spi_tx_testing.o
 .debug_macro   0x00001622       0x43 ./Src/005spi_tx_testing.o
 .debug_macro   0x00001665       0x34 ./Src/005spi_tx_testing.o
 .debug_macro   0x00001699      0x190 ./Src/005spi_tx_testing.o
 .debug_macro   0x00001829      0x370 ./Src/005spi_tx_testing.o
 .debug_macro   0x00001b99       0x16 ./Src/005spi_tx_testing.o
 .debug_macro   0x00001baf       0x4a ./Src/005spi_tx_testing.o
 .debug_macro   0x00001bf9       0x34 ./Src/005spi_tx_testing.o
 .debug_macro   0x00001c2d       0x10 ./Src/005spi_tx_testing.o
 .debug_macro   0x00001c3d       0x58 ./Src/005spi_tx_testing.o
 .debug_macro   0x00001c95       0x8e ./Src/005spi_tx_testing.o
 .debug_macro   0x00001d23       0x1c ./Src/005spi_tx_testing.o
 .debug_macro   0x00001d3f      0x185 ./Src/005spi_tx_testing.o
 .debug_macro   0x00001ec4       0x10 ./Src/005spi_tx_testing.o
 .debug_macro   0x00001ed4       0x3c ./Src/005spi_tx_testing.o
 .debug_macro   0x00001f10       0x20 ./Src/005spi_tx_testing.o
 .debug_macro   0x00001f30       0x9a ./drivers/Src/stm32f401xx_gpio_driver.o
 .debug_macro   0x00001fca      0x3b7 ./drivers/Src/stm32f401xx_gpio_driver.o
 .debug_macro   0x00002381       0x88 ./drivers/Src/stm32f401xx_gpio_driver.o
 .debug_macro   0x00002409       0x94 ./drivers/Src/stm32f4xx_spi_driver.o

.debug_line     0x00000000     0x1687
 .debug_line    0x00000000      0x63b ./Src/005spi_tx_testing.o
 .debug_line    0x0000063b       0x7b ./Startup/startup_stm32f401retx.o
 .debug_line    0x000006b6      0x958 ./drivers/Src/stm32f401xx_gpio_driver.o
 .debug_line    0x0000100e      0x679 ./drivers/Src/stm32f4xx_spi_driver.o

.debug_str      0x00000000     0x8f21
 .debug_str     0x00000000     0x8f21 ./Src/005spi_tx_testing.o
                               0x8d7c (size before relaxing)
 .debug_str     0x00008f21       0x7e ./Startup/startup_stm32f401retx.o
 .debug_str     0x00008f21     0x597c ./drivers/Src/stm32f401xx_gpio_driver.o
 .debug_str     0x00008f21     0x58c4 ./drivers/Src/stm32f4xx_spi_driver.o

.comment        0x00000000       0x43
 .comment       0x00000000       0x43 ./Src/005spi_tx_testing.o
                                 0x44 (size before relaxing)
 .comment       0x00000043       0x44 ./drivers/Src/stm32f401xx_gpio_driver.o
 .comment       0x00000043       0x44 ./drivers/Src/stm32f4xx_spi_driver.o

.debug_frame    0x00000000      0x42c
 .debug_frame   0x00000000       0x78 ./Src/005spi_tx_testing.o
 .debug_frame   0x00000078      0x1c8 ./drivers/Src/stm32f401xx_gpio_driver.o
 .debug_frame   0x00000240      0x1c0 ./drivers/Src/stm32f4xx_spi_driver.o
 .debug_frame   0x00000400       0x2c E:/STM32CubeIDE_1.18.1/STM32CubeIDE/plugins/com.st.stm32cube.ide.mcu.externaltools.gnu-tools-for-stm32.13.3.rel1.win32_1.0.0.202411081344/tools/bin/../lib/gcc/arm-none-eabi/13.3.1/../../../../arm-none-eabi/lib/thumb/v7e-m+fp/hard\libc_nano.a(libc_a-init.o)

.debug_line_str
                0x00000000       0x62
 .debug_line_str
                0x00000000       0x62 ./Startup/startup_stm32f401retx.o
